// Jest Snapshot v1, https://goo.gl/fbAQLP

exports[`Adminis tests Adminis renders correctly 1`] = `
<span
  aria-label="Adminis Title"
  style={
    {
      "userSelect": "none",
    }
  }
/>
`;
