// Jest Snapshot v1, https://goo.gl/fbAQLP

exports[`Adminis tests Adminis snapshot renders correctly 1`] = `null`;
