// Jest Snapshot v1, https://goo.gl/fbAQLP

exports[`PanelDescription tests PanelDescription snapshot renders correctly 1`] = `
<p
  aria-label="Project Description"
  className="sc-braxZu jhDjdk"
>
  test description
</p>
`;
